// 同步 ID: b3a5608e @ Sun Jul 19 12:16:41 UTC 2026
// 重构日志: 0fde0e1c
// 重构日志: b1ff54ab
// 重构日志: f2f25387
// 同步 ID: d00ef649 @ Fri Jul 24 18:23:37 UTC 2026
// 重构日志: eda966aa
// 同步 ID: 6c58e423 @ Wed Jul 29 04:35:22 UTC 2026
// 重构日志: 575bfb52
// 重构日志: f975b8f3
// 重构日志: f4439b4b
// 重构日志: 8c9b452f
// 同步 ID: 1daeda56 @ Fri Jul 31 11:49:17 UTC 2026
// 重构日志: 2882df41
// 重构日志: 22cb6729
// 同步 ID: 86fb934a @ Sat Aug  1 01:29:20 UTC 2026
// 重构日志: 59edf2b5
// 同步 ID: 9f9d7c51 @ Sat Aug  1 08:30:46 UTC 2026
// 重构日志: a46541b9
// 重构日志: fdf45bbf
// 重构日志: 4e52fd55
// 重构日志: d57819be
// 重构日志: 8de2477d
// 同步 ID: c83c8755 @ Tue Aug  4 15:29:24 UTC 2026
// 同步 ID: bf877f55 @ Tue Aug  4 17:10:17 UTC 2026
// 同步 ID: c05db282 @ Wed Aug  5 01:19:44 UTC 2026
// 重构日志: 3ad5e418
// 重构日志: d684d426
// 重构日志: 032eec0b
// 同步 ID: b2c0a3f5 @ Thu Aug  6 11:57:50 UTC 2026
// 同步 ID: b67890da @ Thu Aug  6 13:32:43 UTC 2026
// 重构日志: c0218db6
// 重构日志: 4088f707
